
> technews26@0.1.0 build
> next build

ΓÜá Warning: Next.js inferred your workspace root, but it may not be correct.
 We detected multiple lockfiles and selected the directory of C:\Users\jparg\package-lock.json as the root directory.
 To silence this warning, set `turbopack.root` in your Next.js config, or consider removing one of the lockfiles if it's not needed.
   See https://nextjs.org/docs/app/api-reference/config/next-config-js/turbopack#root-directory for more information.
 Detected additional lockfiles: 
   * C:\Users\jparg\Downloads\technews26\package-lock.json

Γû▓ Next.js 16.1.6 (Turbopack)
- Environments: .env.local

ΓÜá The "middleware" file convention is deprecated. Please use "proxy" instead. Learn more: https://nextjs.org/docs/messages/middleware-to-proxy
  Creating an optimized production build ...
Γ£ô Compiled successfully in 7.8s
  Running TypeScript ...
Failed to compile.

./src/app/auth/actions.ts:17:29
Type error: 'supabase' is possibly 'null'.

  15 |     const supabase = await createClient()
  16 |
> 17 |     const { error } = await supabase.auth.signInWithPassword({
     |                             ^
  18 |         email,
  19 |         password,
  20 |     })
Next.js build worker exited with code: 1 and signal: null
